------------------------------------------------------------
Timing Analyzer Summary
------------------------------------------------------------

Type  : Slow 1100mV 85C Model Setup 'clk'
Slack : -0.710
TNS   : -3.754

Type  : Slow 1100mV 85C Model Hold 'clk'
Slack : 0.370
TNS   : 0.000

Type  : Slow 1100mV 85C Model Minimum Pulse Width 'clk'
Slack : -0.724
TNS   : -12.208

Type  : Slow 1100mV 0C Model Setup 'clk'
Slack : -0.630
TNS   : -3.253

Type  : Slow 1100mV 0C Model Hold 'clk'
Slack : 0.355
TNS   : 0.000

Type  : Slow 1100mV 0C Model Minimum Pulse Width 'clk'
Slack : -0.724
TNS   : -12.208

Type  : Fast 1100mV 85C Model Setup 'clk'
Slack : 0.258
TNS   : 0.000

Type  : Fast 1100mV 85C Model Hold 'clk'
Slack : 0.165
TNS   : 0.000

Type  : Fast 1100mV 85C Model Minimum Pulse Width 'clk'
Slack : -0.087
TNS   : -0.944

Type  : Fast 1100mV 0C Model Setup 'clk'
Slack : 0.324
TNS   : 0.000

Type  : Fast 1100mV 0C Model Hold 'clk'
Slack : 0.151
TNS   : 0.000

Type  : Fast 1100mV 0C Model Minimum Pulse Width 'clk'
Slack : -0.087
TNS   : -0.949

------------------------------------------------------------
